heartbeat 
heartbeat 
heartbeat 
heartbeat 
